// Jest Snapshot v1, https://goo.gl/fbAQLP

exports[`Test Footer rendering 1`] = `
<div
  className="Footer"
  id="footer"
>
  <div
    className="Footer"
  >
    <div
      className="Footer__messages-section"
    >
      <div
        className="Footer__message-list Footer__message-list--collapsed"
      >
        <ul />
      </div>
    </div>
  </div>
  <div
    className="hidden"
  >
    <div
      className="Footer__upload-message"
    >
      
    </div>
    <div
      className="Footer__progress-bar"
      id="footerProgressBar"
      style={
        Object {
          "width": "undefined%",
        }
      }
    />
  </div>
</div>
`;
