// Jest Snapshot v1, https://goo.gl/fbAQLP

exports[`Test Notes rendering 1`] = `
<div
  className="Notes"
>
  <div
    className="Notes__inner-container flex flex--row flex--wrap justify--space-around"
  >
    <div
      className="Notes__sizer flex-1-0-auto"
    >
      <div>
        <div
          className="Notes__date-tab flex flex--column justify--space-around"
        >
          <div
            className="Notes__date-day"
          >
            28
          </div>
          <div
            className="Notes__date-month"
          >
            Aug
          </div>
        </div>
        <div
          className="UserNote__container"
        >
          <div
            className="Notes__user-note"
            onClick={[Function]}
          >
            <div
              className="Notes__user-note--add"
            />
            <h5>
              Add Note
            </h5>
          </div>
          <div
            className="hidden"
          />
        </div>
        <div>
          <div
            className="NotesCard card"
          >
            <div
              className="NotesCard__title flex flex--row justify--space-between"
            >
              <p
                className="NotesCard__time"
              >
                7:36pm
              </p>
              <h6
                className="NotesCard__commit-message"
              >
                Add pip3 managed package: numpy vLatest
              </h6>
              <button
                className="NotesCard__toggle-button closed flex justify--space-around"
                onClick={[Function]}
              >
                Activity Detail
                <div
                  className="NotesCard__toggle-icon"
                />
              </button>
            </div>
            <div
              className="NotesCard__expanded-view no-height"
            >
              <div
                className="NotesCard__row flex justify--space-around flex--row"
              >
                <p>
                  Id: 
                  ba0c0d96a6005f98db0e2d5e2f605d36f23b5bb2
                </p>
                <p>
                  Level: 
                  USER MAJOR
                </p>
                <p>
                  Monday, August 28th, 2017, 7:36:00 PM
                </p>
              </div>
              <div>
                <ul
                  className="NotesCard__tags-list flex flex--row flex--wrap"
                >
                  <div>
                    Tags: 
                     
                  </div>
                  <li>
                    environment
                  </li>
                  <li>
                    package_manager
                  </li>
                  <li>
                    pip3
                  </li>
                </ul>
              </div>
            </div>
          </div>
          <div
            className="NotesCard card"
          >
            <div
              className="NotesCard__title flex flex--row justify--space-between"
            >
              <p
                className="NotesCard__time"
              >
                3:22pm
              </p>
              <h6
                className="NotesCard__commit-message"
              >
                Add base_image environment component: ubuntu1604-python3-dup v0.2
              </h6>
              <button
                className="NotesCard__toggle-button closed flex justify--space-around"
                onClick={[Function]}
              >
                Activity Detail
                <div
                  className="NotesCard__toggle-icon"
                />
              </button>
            </div>
            <div
              className="NotesCard__expanded-view no-height"
            >
              <div
                className="NotesCard__markdown-container"
                id="74edc648ebd5dae1f6cd60b648f1602265523b2a"
              >
                <div>
                  <p>
                    Added a 
                    <code
                      className={undefined}
                      data-sourcepos={undefined}
                    >
                      base_image
                    </code>
                     class environment component ubuntu1604-python3-dup
                  </p>
                  <p>
                    A base image for python 3 developers using Ubuntu 16.04
                  </p>
                  <ul
                    className={undefined}
                    data-sourcepos={undefined}
                  >
                    <li>
                      repository: gig-dev_environment-components
                    </li>
                    <li>
                      namespace: gigantum
                    </li>
                    <li>
                      component: ubuntu1604-python3-dup
                    </li>
                    <li>
                      version: 0.2
                    </li>
                  </ul>
                </div>
              </div>
              <div
                className="NotesCard__row flex justify--space-around flex--row"
              >
                <p>
                  Id: 
                  74edc648ebd5dae1f6cd60b648f1602265523b2a
                </p>
                <p>
                  Level: 
                  USER MAJOR
                </p>
                <p>
                  Monday, August 28th, 2017, 3:22:07 PM
                </p>
              </div>
              <div>
                <ul
                  className="NotesCard__tags-list flex flex--row flex--wrap"
                >
                  <div>
                    Tags: 
                     
                  </div>
                  <li>
                    base_image
                  </li>
                  <li>
                    environment
                  </li>
                </ul>
              </div>
            </div>
          </div>
          <div
            className="NotesCard card"
          >
            <div
              className="NotesCard__title flex flex--row justify--space-between"
            >
              <p
                className="NotesCard__time"
              >
                3:19pm
              </p>
              <h6
                className="NotesCard__commit-message"
              >
                note
              </h6>
              <button
                className="NotesCard__toggle-button open flex justify--space-around"
                onClick={[Function]}
              >
                Activity Detail
                <div
                  className="NotesCard__toggle-icon"
                />
              </button>
            </div>
            <div
              className="NotesCard__expanded-view"
            >
              <div
                className="NotesCard__markdown-container"
                id="4ff56ed2255258a4a36b7f22ac5dcdb981b0fe8a"
              >
                <div>
                  <h2
                    className={undefined}
                    data-sourcepos={undefined}
                  >
                    header
                  </h2>
                </div>
              </div>
              <div
                className="NotesCard__row flex justify--space-around flex--row"
              >
                <p>
                  Id: 
                  4ff56ed2255258a4a36b7f22ac5dcdb981b0fe8a
                </p>
                <p>
                  Level: 
                  USER NOTE
                </p>
                <p>
                  Monday, August 28th, 2017, 3:19:46 PM
                </p>
              </div>
              <div>
                <ul
                  className="NotesCard__tags-list flex flex--row flex--wrap"
                >
                  <div>
                    Tags: 
                     
                  </div>
                  <li>
                    tag
                  </li>
                </ul>
              </div>
            </div>
          </div>
        </div>
      </div>
      <div>
        <div
          className="Notes__date-tab flex flex--column justify--space-around"
        >
          <div
            className="Notes__date-day"
          >
            25
          </div>
          <div
            className="Notes__date-month"
          >
            Aug
          </div>
        </div>
        <div>
          <div
            className="NotesCard card"
          >
            <div
              className="NotesCard__title flex flex--row justify--space-between"
            >
              <p
                className="NotesCard__time"
              >
                2:53pm
              </p>
              <h6
                className="NotesCard__commit-message"
              >
                this is a new note
              </h6>
              <button
                className="NotesCard__toggle-button open flex justify--space-around"
                onClick={[Function]}
              >
                Activity Detail
                <div
                  className="NotesCard__toggle-icon"
                />
              </button>
            </div>
            <div
              className="NotesCard__expanded-view"
            >
              <div
                className="NotesCard__markdown-container"
                id="95bb7a1963f9521801d881640ed0f512b46789f9"
              >
                <div>
                  <h4
                    className={undefined}
                    data-sourcepos={undefined}
                  >
                    header
                  </h4>
                  <ul
                    className={undefined}
                    data-sourcepos={undefined}
                  >
                    <li>
                      list
                    </li>
                    <li>
                      list
                    </li>
                    <li>
                      list
                    </li>
                  </ul>
                  <p>
                    <em>
                      italics
                    </em>
                  </p>
                  <ol
                    className={undefined}
                    data-sourcepos={undefined}
                  >
                    <li>
                      <strong>
                        bold
                      </strong>
                    </li>
                    <li>
                      item 2
                    </li>
                  </ol>
                </div>
              </div>
              <div
                className="NotesCard__row flex justify--space-around flex--row"
              >
                <p>
                  Id: 
                  95bb7a1963f9521801d881640ed0f512b46789f9
                </p>
                <p>
                  Level: 
                  USER NOTE
                </p>
                <p>
                  Friday, August 25th, 2017, 2:53:07 PM
                </p>
              </div>
              <div>
                <ul
                  className="NotesCard__tags-list flex flex--row flex--wrap"
                >
                  <div>
                    Tags: 
                     
                  </div>
                  <li>
                    sag
                  </li>
                  <li>
                    tag
                  </li>
                </ul>
              </div>
            </div>
          </div>
          <div
            className="NotesCard card"
          >
            <div
              className="NotesCard__title flex flex--row justify--space-between"
            >
              <p
                className="NotesCard__time"
              >
                2:27pm
              </p>
              <h6
                className="NotesCard__commit-message"
              >
                hello
              </h6>
              <button
                className="NotesCard__toggle-button open flex justify--space-around"
                onClick={[Function]}
              >
                Activity Detail
                <div
                  className="NotesCard__toggle-icon"
                />
              </button>
            </div>
            <div
              className="NotesCard__expanded-view"
            >
              <div
                className="NotesCard__markdown-container"
                id="58f17359febbc5647f060e7e4d382976598a2717"
              >
                <div>
                  <p>
                    hello i love you
                  </p>
                  <h1
                    className={undefined}
                    data-sourcepos={undefined}
                  >
                    header
                  </h1>
                  <p>
                    heal
                    
                    <em>
                      italics
                    </em>
                    
                    
                    <strong>
                      bold
                    </strong>
                    
                    
                    <strong>
                      <em>
                        bold italic
                      </em>
                    </strong>
                  </p>
                </div>
              </div>
              <div
                className="NotesCard__row flex justify--space-around flex--row"
              >
                <p>
                  Id: 
                  58f17359febbc5647f060e7e4d382976598a2717
                </p>
                <p>
                  Level: 
                  USER NOTE
                </p>
                <p>
                  Friday, August 25th, 2017, 2:27:32 PM
                </p>
              </div>
              <div>
                <ul
                  className="NotesCard__tags-list flex flex--row flex--wrap"
                >
                  <div>
                    Tags: 
                     
                  </div>
                  <li>
                    tag
                  </li>
                </ul>
              </div>
            </div>
          </div>
          <div
            className="NotesCard card"
          >
            <div
              className="NotesCard__title flex flex--row justify--space-between"
            >
              <p
                className="NotesCard__time"
              >
                2:11pm
              </p>
              <h6
                className="NotesCard__commit-message"
              >
                note
              </h6>
              <button
                className="NotesCard__toggle-button open flex justify--space-around"
                onClick={[Function]}
              >
                Activity Detail
                <div
                  className="NotesCard__toggle-icon"
                />
              </button>
            </div>
            <div
              className="NotesCard__expanded-view"
            >
              <div
                className="NotesCard__markdown-container"
                id="98ecbbad51503ec13b36e9fcc337d9a52b8e32b0"
              >
                <div>
                  <h3
                    className={undefined}
                    data-sourcepos={undefined}
                  >
                    enterign a user note
                  </h3>
                </div>
              </div>
              <div
                className="NotesCard__row flex justify--space-around flex--row"
              >
                <p>
                  Id: 
                  98ecbbad51503ec13b36e9fcc337d9a52b8e32b0
                </p>
                <p>
                  Level: 
                  USER NOTE
                </p>
                <p>
                  Friday, August 25th, 2017, 2:11:58 PM
                </p>
              </div>
              <div>
                <ul
                  className="NotesCard__tags-list flex flex--row flex--wrap"
                >
                  <div>
                    Tags: 
                     
                  </div>
                  <li>
                    with tags
                  </li>
                </ul>
              </div>
            </div>
          </div>
          <div
            className="NotesCard card"
          >
            <div
              className="NotesCard__title flex flex--row justify--space-between"
            >
              <p
                className="NotesCard__time"
              >
                1:47pm
              </p>
              <h6
                className="NotesCard__commit-message"
              >
                timestamp
              </h6>
              <button
                className="NotesCard__toggle-button open flex justify--space-around"
                onClick={[Function]}
              >
                Activity Detail
                <div
                  className="NotesCard__toggle-icon"
                />
              </button>
            </div>
            <div
              className="NotesCard__expanded-view"
            >
              <div
                className="NotesCard__markdown-container"
                id="372f6f876a3b236994c1689aaebe21b4c3270cfc"
              >
                <div>
                  <p>
                    pamp
                  </p>
                </div>
              </div>
              <div
                className="NotesCard__row flex justify--space-around flex--row"
              >
                <p>
                  Id: 
                  372f6f876a3b236994c1689aaebe21b4c3270cfc
                </p>
                <p>
                  Level: 
                  USER NOTE
                </p>
                <p>
                  Friday, August 25th, 2017, 1:47:17 PM
                </p>
              </div>
              <div>
                <ul
                  className="NotesCard__tags-list flex flex--row flex--wrap"
                >
                  <div>
                    Tags: 
                     
                  </div>
                  <li>
                    hamper
                  </li>
                </ul>
              </div>
            </div>
          </div>
          <div
            className="NotesCard card"
          >
            <div
              className="NotesCard__title flex flex--row justify--space-between"
            >
              <p
                className="NotesCard__time"
              >
                1:45pm
              </p>
              <h6
                className="NotesCard__commit-message"
              >
                adadsd
              </h6>
              <button
                className="NotesCard__toggle-button open flex justify--space-around"
                onClick={[Function]}
              >
                Activity Detail
                <div
                  className="NotesCard__toggle-icon"
                />
              </button>
            </div>
            <div
              className="NotesCard__expanded-view"
            >
              <div
                className="NotesCard__markdown-container"
                id="b644f9e9fdd6963f07ba6f3a83af9a3ffd8d08ad"
              >
                <div>
                  <p>
                    asdads
                  </p>
                </div>
              </div>
              <div
                className="NotesCard__row flex justify--space-around flex--row"
              >
                <p>
                  Id: 
                  b644f9e9fdd6963f07ba6f3a83af9a3ffd8d08ad
                </p>
                <p>
                  Level: 
                  USER NOTE
                </p>
                <p>
                  Friday, August 25th, 2017, 1:45:43 PM
                </p>
              </div>
              <div>
                <ul
                  className="NotesCard__tags-list flex flex--row flex--wrap"
                >
                  <div>
                    Tags: 
                     
                  </div>
                </ul>
              </div>
            </div>
          </div>
          <div
            className="NotesCard card"
          >
            <div
              className="NotesCard__title flex flex--row justify--space-between"
            >
              <p
                className="NotesCard__time"
              >
                1:45pm
              </p>
              <h6
                className="NotesCard__commit-message"
              >
                addas
              </h6>
              <button
                className="NotesCard__toggle-button open flex justify--space-around"
                onClick={[Function]}
              >
                Activity Detail
                <div
                  className="NotesCard__toggle-icon"
                />
              </button>
            </div>
            <div
              className="NotesCard__expanded-view"
            >
              <div
                className="NotesCard__markdown-container"
                id="cc7712b48d1a4f54f3f467758e89e41e88f7dc98"
              >
                <div>
                  <p>
                    ads
                  </p>
                </div>
              </div>
              <div
                className="NotesCard__row flex justify--space-around flex--row"
              >
                <p>
                  Id: 
                  cc7712b48d1a4f54f3f467758e89e41e88f7dc98
                </p>
                <p>
                  Level: 
                  USER NOTE
                </p>
                <p>
                  Friday, August 25th, 2017, 1:45:01 PM
                </p>
              </div>
              <div>
                <ul
                  className="NotesCard__tags-list flex flex--row flex--wrap"
                >
                  <div>
                    Tags: 
                     
                  </div>
                </ul>
              </div>
            </div>
          </div>
          <div
            className="NotesCard card"
          >
            <div
              className="NotesCard__title flex flex--row justify--space-between"
            >
              <p
                className="NotesCard__time"
              >
                1:43pm
              </p>
              <h6
                className="NotesCard__commit-message"
              >
                asdsad
              </h6>
              <button
                className="NotesCard__toggle-button open flex justify--space-around"
                onClick={[Function]}
              >
                Activity Detail
                <div
                  className="NotesCard__toggle-icon"
                />
              </button>
            </div>
            <div
              className="NotesCard__expanded-view"
            >
              <div
                className="NotesCard__markdown-container"
                id="04c1f12bb99209b34984c18d6029c4317c307744"
              >
                <div>
                  <p>
                    adas
                  </p>
                </div>
              </div>
              <div
                className="NotesCard__row flex justify--space-around flex--row"
              >
                <p>
                  Id: 
                  04c1f12bb99209b34984c18d6029c4317c307744
                </p>
                <p>
                  Level: 
                  USER NOTE
                </p>
                <p>
                  Friday, August 25th, 2017, 1:43:33 PM
                </p>
              </div>
              <div>
                <ul
                  className="NotesCard__tags-list flex flex--row flex--wrap"
                >
                  <div>
                    Tags: 
                     
                  </div>
                  <li>
                    asd
                  </li>
                </ul>
              </div>
            </div>
          </div>
          <div
            className="NotesCard card"
          >
            <div
              className="NotesCard__title flex flex--row justify--space-between"
            >
              <p
                className="NotesCard__time"
              >
                1:42pm
              </p>
              <h6
                className="NotesCard__commit-message"
              >
                new note
              </h6>
              <button
                className="NotesCard__toggle-button open flex justify--space-around"
                onClick={[Function]}
              >
                Activity Detail
                <div
                  className="NotesCard__toggle-icon"
                />
              </button>
            </div>
            <div
              className="NotesCard__expanded-view"
            >
              <div
                className="NotesCard__markdown-container"
                id="b6d0a3503175845d2cca107fa9447183fab2f7c5"
              >
                <div>
                  <p>
                    here is a note
                  </p>
                </div>
              </div>
              <div
                className="NotesCard__row flex justify--space-around flex--row"
              >
                <p>
                  Id: 
                  b6d0a3503175845d2cca107fa9447183fab2f7c5
                </p>
                <p>
                  Level: 
                  USER NOTE
                </p>
                <p>
                  Friday, August 25th, 2017, 1:42:15 PM
                </p>
              </div>
              <div>
                <ul
                  className="NotesCard__tags-list flex flex--row flex--wrap"
                >
                  <div>
                    Tags: 
                     
                  </div>
                  <li>
                    note
                  </li>
                  <li>
                    tag
                  </li>
                </ul>
              </div>
            </div>
          </div>
          <div
            className="NotesCard card"
          >
            <div
              className="NotesCard__title flex flex--row justify--space-between"
            >
              <p
                className="NotesCard__time"
              >
                1:39pm
              </p>
              <h6
                className="NotesCard__commit-message"
              >
                add a user note
              </h6>
              <button
                className="NotesCard__toggle-button open flex justify--space-around"
                onClick={[Function]}
              >
                Activity Detail
                <div
                  className="NotesCard__toggle-icon"
                />
              </button>
            </div>
            <div
              className="NotesCard__expanded-view"
            >
              <div
                className="NotesCard__markdown-container"
                id="f94f9a4a6d42fbb16f0b06741f01e967ae3de9c7"
              >
                <div>
                  <p>
                    asadsads
                  </p>
                </div>
              </div>
              <div
                className="NotesCard__row flex justify--space-around flex--row"
              >
                <p>
                  Id: 
                  f94f9a4a6d42fbb16f0b06741f01e967ae3de9c7
                </p>
                <p>
                  Level: 
                  USER NOTE
                </p>
                <p>
                  Friday, August 25th, 2017, 1:39:27 PM
                </p>
              </div>
              <div>
                <ul
                  className="NotesCard__tags-list flex flex--row flex--wrap"
                >
                  <div>
                    Tags: 
                     
                  </div>
                  <li>
                    are
                  </li>
                  <li>
                    it
                  </li>
                  <li>
                    tag
                  </li>
                  <li>
                    you
                  </li>
                </ul>
              </div>
            </div>
          </div>
          <div
            className="NotesCard card"
          >
            <div
              className="NotesCard__title flex flex--row justify--space-between"
            >
              <p
                className="NotesCard__time"
              >
                1:37pm
              </p>
              <h6
                className="NotesCard__commit-message"
              >
                adasdad
              </h6>
              <button
                className="NotesCard__toggle-button open flex justify--space-around"
                onClick={[Function]}
              >
                Activity Detail
                <div
                  className="NotesCard__toggle-icon"
                />
              </button>
            </div>
            <div
              className="NotesCard__expanded-view"
            >
              <div
                className="NotesCard__markdown-container"
                id="0d6a7ef21a65b317fa54e48883dcfb28e88127e5"
              >
                <div>
                  <p>
                    asads
                  </p>
                </div>
              </div>
              <div
                className="NotesCard__row flex justify--space-around flex--row"
              >
                <p>
                  Id: 
                  0d6a7ef21a65b317fa54e48883dcfb28e88127e5
                </p>
                <p>
                  Level: 
                  USER NOTE
                </p>
                <p>
                  Friday, August 25th, 2017, 1:37:48 PM
                </p>
              </div>
              <div>
                <ul
                  className="NotesCard__tags-list flex flex--row flex--wrap"
                >
                  <div>
                    Tags: 
                     
                  </div>
                </ul>
              </div>
            </div>
          </div>
          <div
            className="NotesCard card"
          >
            <div
              className="NotesCard__title flex flex--row justify--space-between"
            >
              <p
                className="NotesCard__time"
              >
                1:36pm
              </p>
              <h6
                className="NotesCard__commit-message"
              >
                asddas
              </h6>
              <button
                className="NotesCard__toggle-button open flex justify--space-around"
                onClick={[Function]}
              >
                Activity Detail
                <div
                  className="NotesCard__toggle-icon"
                />
              </button>
            </div>
            <div
              className="NotesCard__expanded-view"
            >
              <div
                className="NotesCard__markdown-container"
                id="67c7bf50496ae119259a1172308235b4b1379ca4"
              >
                <div>
                  <p>
                    ads
                  </p>
                </div>
              </div>
              <div
                className="NotesCard__row flex justify--space-around flex--row"
              >
                <p>
                  Id: 
                  67c7bf50496ae119259a1172308235b4b1379ca4
                </p>
                <p>
                  Level: 
                  USER NOTE
                </p>
                <p>
                  Friday, August 25th, 2017, 1:36:04 PM
                </p>
              </div>
              <div>
                <ul
                  className="NotesCard__tags-list flex flex--row flex--wrap"
                >
                  <div>
                    Tags: 
                     
                  </div>
                  <li>
                    aad
                  </li>
                </ul>
              </div>
            </div>
          </div>
          <div
            className="NotesCard card"
          >
            <div
              className="NotesCard__title flex flex--row justify--space-between"
            >
              <p
                className="NotesCard__time"
              >
                1:35pm
              </p>
              <h6
                className="NotesCard__commit-message"
              >
                drive
              </h6>
              <button
                className="NotesCard__toggle-button open flex justify--space-around"
                onClick={[Function]}
              >
                Activity Detail
                <div
                  className="NotesCard__toggle-icon"
                />
              </button>
            </div>
            <div
              className="NotesCard__expanded-view"
            >
              <div
                className="NotesCard__markdown-container"
                id="d9e30c5c7c3b5a2a78376bc0946b2df3d4a90a3d"
              >
                <div>
                  <p>
                    dda
                  </p>
                </div>
              </div>
              <div
                className="NotesCard__row flex justify--space-around flex--row"
              >
                <p>
                  Id: 
                  d9e30c5c7c3b5a2a78376bc0946b2df3d4a90a3d
                </p>
                <p>
                  Level: 
                  USER NOTE
                </p>
                <p>
                  Friday, August 25th, 2017, 1:35:24 PM
                </p>
              </div>
              <div>
                <ul
                  className="NotesCard__tags-list flex flex--row flex--wrap"
                >
                  <div>
                    Tags: 
                     
                  </div>
                  <li>
                    tag
                  </li>
                </ul>
              </div>
            </div>
          </div>
          <div
            className="NotesCard card"
          >
            <div
              className="NotesCard__title flex flex--row justify--space-between"
            >
              <p
                className="NotesCard__time"
              >
                1:32pm
              </p>
              <h6
                className="NotesCard__commit-message"
              >
                my baby doesn't drive me crazy
              </h6>
              <button
                className="NotesCard__toggle-button open flex justify--space-around"
                onClick={[Function]}
              >
                Activity Detail
                <div
                  className="NotesCard__toggle-icon"
                />
              </button>
            </div>
            <div
              className="NotesCard__expanded-view"
            >
              <div
                className="NotesCard__markdown-container"
                id="c0be5e611729987ab515150270270c944c9e06c7"
              >
                <div>
                  <p>
                    asdads
                  </p>
                </div>
              </div>
              <div
                className="NotesCard__row flex justify--space-around flex--row"
              >
                <p>
                  Id: 
                  c0be5e611729987ab515150270270c944c9e06c7
                </p>
                <p>
                  Level: 
                  USER NOTE
                </p>
                <p>
                  Friday, August 25th, 2017, 1:32:51 PM
                </p>
              </div>
              <div>
                <ul
                  className="NotesCard__tags-list flex flex--row flex--wrap"
                >
                  <div>
                    Tags: 
                     
                  </div>
                  <li>
                    tag
                  </li>
                </ul>
              </div>
            </div>
          </div>
          <div
            className="NotesCard card"
          >
            <div
              className="NotesCard__title flex flex--row justify--space-between"
            >
              <p
                className="NotesCard__time"
              >
                1:32pm
              </p>
              <h6
                className="NotesCard__commit-message"
              >
                aasadsda
              </h6>
              <button
                className="NotesCard__toggle-button open flex justify--space-around"
                onClick={[Function]}
              >
                Activity Detail
                <div
                  className="NotesCard__toggle-icon"
                />
              </button>
            </div>
            <div
              className="NotesCard__expanded-view"
            >
              <div
                className="NotesCard__markdown-container"
                id="921e1265b18f0ed2eb0893338bac45e67a555336"
              >
                <div>
                  <p>
                    asdads
                  </p>
                </div>
              </div>
              <div
                className="NotesCard__row flex justify--space-around flex--row"
              >
                <p>
                  Id: 
                  921e1265b18f0ed2eb0893338bac45e67a555336
                </p>
                <p>
                  Level: 
                  USER NOTE
                </p>
                <p>
                  Friday, August 25th, 2017, 1:32:26 PM
                </p>
              </div>
              <div>
                <ul
                  className="NotesCard__tags-list flex flex--row flex--wrap"
                >
                  <div>
                    Tags: 
                     
                  </div>
                </ul>
              </div>
            </div>
          </div>
          <div
            className="NotesCard card"
          >
            <div
              className="NotesCard__title flex flex--row justify--space-between"
            >
              <p
                className="NotesCard__time"
              >
                12:59am
              </p>
              <h6
                className="NotesCard__commit-message"
              >
                asddas
              </h6>
              <button
                className="NotesCard__toggle-button open flex justify--space-around"
                onClick={[Function]}
              >
                Activity Detail
                <div
                  className="NotesCard__toggle-icon"
                />
              </button>
            </div>
            <div
              className="NotesCard__expanded-view"
            >
              <div
                className="NotesCard__markdown-container"
                id="665847590135dc0a3f1305bf4d721f4bdd20017d"
              >
                <div>
                  <p>
                    adsdas
                  </p>
                </div>
              </div>
              <div
                className="NotesCard__row flex justify--space-around flex--row"
              >
                <p>
                  Id: 
                  665847590135dc0a3f1305bf4d721f4bdd20017d
                </p>
                <p>
                  Level: 
                  USER NOTE
                </p>
                <p>
                  Friday, August 25th, 2017, 12:59:21 PM
                </p>
              </div>
              <div>
                <ul
                  className="NotesCard__tags-list flex flex--row flex--wrap"
                >
                  <div>
                    Tags: 
                     
                  </div>
                </ul>
              </div>
            </div>
          </div>
          <div
            className="NotesCard card"
          >
            <div
              className="NotesCard__title flex flex--row justify--space-between"
            >
              <p
                className="NotesCard__time"
              >
                12:58am
              </p>
              <h6
                className="NotesCard__commit-message"
              >
                notey mc noteface
              </h6>
              <button
                className="NotesCard__toggle-button open flex justify--space-around"
                onClick={[Function]}
              >
                Activity Detail
                <div
                  className="NotesCard__toggle-icon"
                />
              </button>
            </div>
            <div
              className="NotesCard__expanded-view"
            >
              <div
                className="NotesCard__markdown-container"
                id="208c09d206942aea50898b0b0e7e36ce0dbcb7fb"
              >
                <div>
                  <p>
                    adads
                  </p>
                </div>
              </div>
              <div
                className="NotesCard__row flex justify--space-around flex--row"
              >
                <p>
                  Id: 
                  208c09d206942aea50898b0b0e7e36ce0dbcb7fb
                </p>
                <p>
                  Level: 
                  USER NOTE
                </p>
                <p>
                  Friday, August 25th, 2017, 12:58:06 PM
                </p>
              </div>
              <div>
                <ul
                  className="NotesCard__tags-list flex flex--row flex--wrap"
                >
                  <div>
                    Tags: 
                     
                  </div>
                  <li>
                    adsdas
                  </li>
                </ul>
              </div>
            </div>
          </div>
          <div
            className="NotesCard card"
          >
            <div
              className="NotesCard__title flex flex--row justify--space-between"
            >
              <p
                className="NotesCard__time"
              >
                12:56am
              </p>
              <h6
                className="NotesCard__commit-message"
              >
                this is a note
              </h6>
              <button
                className="NotesCard__toggle-button open flex justify--space-around"
                onClick={[Function]}
              >
                Activity Detail
                <div
                  className="NotesCard__toggle-icon"
                />
              </button>
            </div>
            <div
              className="NotesCard__expanded-view"
            >
              <div
                className="NotesCard__markdown-container"
                id="89c8c5141ea8b030d489326dbe56e97f75d70b3e"
              >
                <div>
                  <p>
                    note
                  </p>
                </div>
              </div>
              <div
                className="NotesCard__row flex justify--space-around flex--row"
              >
                <p>
                  Id: 
                  89c8c5141ea8b030d489326dbe56e97f75d70b3e
                </p>
                <p>
                  Level: 
                  USER NOTE
                </p>
                <p>
                  Friday, August 25th, 2017, 12:56:51 PM
                </p>
              </div>
              <div>
                <ul
                  className="NotesCard__tags-list flex flex--row flex--wrap"
                >
                  <div>
                    Tags: 
                     
                  </div>
                  <li>
                    tag
                  </li>
                </ul>
              </div>
            </div>
          </div>
        </div>
      </div>
    </div>
  </div>
</div>
`;
