// Jest Snapshot v1, https://goo.gl/fbAQLP

exports[`Test note card for rendering 1`] = `
<div
  className="NotesCard card"
>
  <div
    className="NotesCard__title flex flex--row justify--space-between"
  >
    <p
      className="NotesCard__time"
    >
      11:56am
    </p>
    <h6
      className="NotesCard__commit-message"
    >
      User Returned a result
    </h6>
    <button
      className="NotesCard__toggle-button closed flex justify--space-around"
      onClick={[Function]}
    >
      Activity Detail
      <div
        className="NotesCard__toggle-icon"
      />
    </button>
  </div>
  <div
    className="NotesCard__expanded-view no-height"
  >
    <div
      className="NotesCard__markdown-container"
    >
      <div>
        <p>
          this is free text
        </p>
      </div>
    </div>
    <div
      className="NotesCard__row flex justify--space-around flex--row"
    >
      <p>
        Id: 
        acad13eee2a5959bdd594aa89494564b60604880
      </p>
      <p>
        Level: 
        USER MINOR
      </p>
      <p>
        Wednesday, July 26th, 2017, 11:56:00 AM
      </p>
    </div>
    <div>
      <ul
        className="NotesCard__tags-list flex flex--row flex--wrap"
      >
        <div>
          Tags: 
           
        </div>
        <li>
          my tag
        </li>
        <li>
          other tag
        </li>
      </ul>
    </div>
  </div>
</div>
`;
