// Jest Snapshot v1, https://goo.gl/fbAQLP

exports[`Test Container Rendering Building 1`] = `
<div
  className="ContainerStatus flex flex--column"
>
  <div
    className="ContainerStatus__container-state Building"
    onClick={[Function]}
  >
    Building
  </div>
</div>
`;

exports[`Test Container Rendering Closed 1`] = `
<div
  className="ContainerStatus flex flex--column"
>
  <div
    className="ContainerStatus__container-state Building"
    onClick={[Function]}
  >
    Building
  </div>
</div>
`;

exports[`Test Container Rendering Open 1`] = `
<div
  className="ContainerStatus flex flex--column"
>
  <div
    className="ContainerStatus__container-state Building"
    onClick={[Function]}
  >
    Building
  </div>
</div>
`;
