// Jest Snapshot v1, https://goo.gl/fbAQLP

exports[`DatasetsLabbooksContainer Renders Correctly 1`] = `
<div
  className="datasets-labbooks__container flex justify-center"
>
  <ul
    className="datasets-labbooks__nav flex flex--row justify--space-between"
  >
    <li
      className="datasets-labbooks__nav-item selected"
      onClick={[Function]}
    >
      Datasets
    </li>
    <li
      className="datasets-labbooks__nav-item"
      onClick={[Function]}
    >
      Labbooks
    </li>
  </ul>
</div>
`;

exports[`DatasetsLabbooksContainer Renders Correctly 2`] = `
<div
  className="datasets-labbooks__container flex justify-center"
>
  <ul
    className="datasets-labbooks__nav flex flex--row justify--space-between"
  >
    <li
      className="datasets-labbooks__nav-item selected"
      onClick={[Function]}
    >
      Datasets
    </li>
    <li
      className="datasets-labbooks__nav-item"
      onClick={[Function]}
    >
      Labbooks
    </li>
  </ul>
</div>
`;

exports[`DatasetsLabbooksContainer Renders Correctly 3`] = `
<div
  className="datasets-labbooks__container flex justify-center"
>
  <ul
    className="datasets-labbooks__nav flex flex--row justify--space-between"
  >
    <li
      className="datasets-labbooks__nav-item"
      onClick={[Function]}
    >
      Datasets
    </li>
    <li
      className="datasets-labbooks__nav-item selected"
      onClick={[Function]}
    >
      Labbooks
    </li>
  </ul>
</div>
`;

exports[`DatasetsLabbooksContainer Reners Correctly 1`] = `
<div
  className="datasets-labbooks__container flex justify-center"
>
  <ul
    className="datasets-labbooks__nav flex flex--row justify--space-between"
  >
    <li
      className="datasets-labbooks__nav-item selected"
      onClick={[Function]}
    >
      Datasets
    </li>
    <li
      className="datasets-labbooks__nav-item"
      onClick={[Function]}
    >
      Labbooks
    </li>
  </ul>
</div>
`;

exports[`DatasetsLabbooksContainer Reners Correctly 2`] = `
<div
  className="datasets-labbooks__container flex justify-center"
>
  <ul
    className="datasets-labbooks__nav flex flex--row justify--space-between"
  >
    <li
      className="datasets-labbooks__nav-item selected"
      onClick={[Function]}
    >
      Datasets
    </li>
    <li
      className="datasets-labbooks__nav-item"
      onClick={[Function]}
    >
      Labbooks
    </li>
  </ul>
</div>
`;

exports[`DatasetsLabbooksContainer Reners Correctly 3`] = `
<div
  className="datasets-labbooks__container flex justify-center"
>
  <ul
    className="datasets-labbooks__nav flex flex--row justify--space-between"
  >
    <li
      className="datasets-labbooks__nav-item"
      onClick={[Function]}
    >
      Datasets
    </li>
    <li
      className="datasets-labbooks__nav-item selected"
      onClick={[Function]}
    >
      Labbooks
    </li>
  </ul>
</div>
`;
