// Jest Snapshot v1, https://goo.gl/fbAQLP

exports[`Header Reners Correctly 1`] = `
<div
  className="header__container flex flex--row justify--space-between"
>
  <div
    className="flex-1-0-auto"
  >
    <h3
      className="header__title text-center"
    >
      Gigantum
    </h3>
  </div>
</div>
`;

exports[`Test Header rendering 1`] = `
<div
  className="header__container flex flex--row justify--space-between"
>
  <div
    className="flex-1-0-auto"
  >
    <h3
      className="header__title text-center"
    >
      Gigantum
    </h3>
  </div>
</div>
`;

exports[`Test header rendering 1`] = `
<div
  className="header__container flex flex--row justify--space-between"
>
  <div
    className="flex-1-0-auto"
  >
    <h3
      className="header__title text-center"
    >
      Gigantum
    </h3>
  </div>
</div>
`;
