// Jest Snapshot v1, https://goo.gl/fbAQLP

exports[`Test BreadCrumbs Rendering 1`] = `
<div
  className="BreadCrumbs"
>
  <ul
    className="BreadCrumbs__list flex flex--row"
  >
    <li
      className="BreadCrumbs__list-item"
      onClick={[Function]}
    >
      
    </li>
  </ul>
</div>
`;

exports[`Test BreadCrumbs Rendering with pathname 1`] = `
<div
  className="BreadCrumbs"
>
  <ul
    className="BreadCrumbs__list flex flex--row"
  >
    <li
      className="BreadCrumbs__list-item"
      onClick={[Function]}
    >
      
    </li>
  </ul>
</div>
`;
