// Jest Snapshot v1, https://goo.gl/fbAQLP

exports[`Test DatasetsLabbooksContainer rendering and state changes 1`] = `
<div
  className="DatasetsLabbooks flex flex-column"
>
  <div
    className="DatasetsLabbooks__nav-container flex justify-center flex-0-0-auto"
  >
    <ul
      className="DatasetsLabbooks__nav flex flex--row justify--space-between"
    >
      <a
        className="DatasetsLabbooks__nav-item selected"
        href="/../datasets"
        onClick={[Function]}
      >
        Datasets
      </a>
      <a
        className="DatasetsLabbooks__nav-item"
        href="/../labbooks"
        onClick={[Function]}
      >
        Labbooks
      </a>
    </ul>
  </div>
  <div
    className="DatasetsLabbooks__view flex-1-0-auto"
  >
    <div
      className="Datasets"
    >
      <h1>
        Datasets
      </h1>
    </div>
  </div>
</div>
`;

exports[`Test DatasetsLabbooksContainer rendering and state changes 2`] = `
<div
  className="DatasetsLabbooks flex flex-column"
>
  <div
    className="DatasetsLabbooks__nav-container flex justify-center flex-0-0-auto"
  >
    <ul
      className="DatasetsLabbooks__nav flex flex--row justify--space-between"
    >
      <a
        className="DatasetsLabbooks__nav-item selected"
        href="/../datasets"
        onClick={[Function]}
      >
        Datasets
      </a>
      <a
        className="DatasetsLabbooks__nav-item"
        href="/../labbooks"
        onClick={[Function]}
      >
        Labbooks
      </a>
    </ul>
  </div>
  <div
    className="DatasetsLabbooks__view flex-1-0-auto"
  >
    <div
      className="Datasets"
    >
      <h1>
        Datasets
      </h1>
    </div>
  </div>
</div>
`;

exports[`Test DatasetsLabbooksContainer rendering and state changes 3`] = `
<div
  className="DatasetsLabbooks flex flex-column"
>
  <div
    className="DatasetsLabbooks__nav-container flex justify-center flex-0-0-auto"
  >
    <ul
      className="DatasetsLabbooks__nav flex flex--row justify--space-between"
    >
      <a
        className="DatasetsLabbooks__nav-item selected"
        href="/../datasets"
        onClick={[Function]}
      >
        Datasets
      </a>
      <a
        className="DatasetsLabbooks__nav-item"
        href="/../labbooks"
        onClick={[Function]}
      >
        Labbooks
      </a>
    </ul>
  </div>
  <div
    className="DatasetsLabbooks__view flex-1-0-auto"
  >
    <div
      className="Datasets"
    >
      <h1>
        Datasets
      </h1>
    </div>
  </div>
</div>
`;
