// Jest Snapshot v1, https://goo.gl/fbAQLP

exports[`Test Labbook Rendering 1`] = `
<div
  className="labbook__container"
>
  <h4>
    labook4
  </h4>
  <div
    className="labbook__inner-container flex flex--row "
  >
    <div
      className="labbook__navigation-container mui-container flex-0-0-auto"
    >
      <ul
        className="labbook__navigation"
      >
        <li
          className="selected"
          onClick={[Function]}
        >
          Notes
        </li>
        <li
          className="labbook__navigation-item--environment"
          onClick={[Function]}
        >
          Environment
        </li>
        <li
          className="labbook__navigation-item--code"
          onClick={[Function]}
        >
          Code
        </li>
        <li
          className="labbook__navigation-item--worflow"
          onClick={[Function]}
        >
          Workflow
        </li>
        <li
          className="labbook__navigation-item--input-data"
          onClick={[Function]}
        >
          Input Data
        </li>
        <li
          className="labbook__navigation-item--output-data"
          onClick={[Function]}
        >
          Output Data
        </li>
      </ul>
    </div>
    <div
      className="labbook__view-container mui-container flex-1-0-auto"
    >
      <div>
        Loading
      </div>
    </div>
  </div>
</div>
`;
