// Jest Snapshot v1, https://goo.gl/fbAQLP

exports[`Test Labbook Rendering 1`] = `
<div
  className="Labbook"
>
  <h4>
    labook4
  </h4>
  <div
    className="Labbook__inner-container flex flex--row "
  >
    <div
      className="Labbook__navigation-container mui-container flex-0-0-auto"
    >
      <ul
        className="Labbook__navigation"
      >
        <li
          className="selected"
          onClick={[Function]}
        >
          Notes
        </li>
        <li
          className="Labbook__navigation-item--environment"
          onClick={[Function]}
        >
          Environment
        </li>
        <li
          className="Labbook__navigation-item--code"
          onClick={[Function]}
        >
          Code
        </li>
        <li
          className="Labbook__navigation-item--data"
          onClick={[Function]}
        >
          Data
        </li>
      </ul>
    </div>
    <div
      className="Labbook__view mui-container flex-1-0-auto"
    >
      <div>
        Loading
      </div>
    </div>
  </div>
</div>
`;
