// Jest Snapshot v1, https://goo.gl/fbAQLP

exports[`Test Code rendering 1`] = `
<div
  className="Code flex flex-row justify-center"
  id="code"
>
  <div
    className="rendered-react-keyed-file-browser"
  >
    <div
      className="rendered-file-browser"
    >
      <div
        className="action-bar"
      >
        <input
          onChange={[Function]}
          placeholder="Filter files"
          type="search"
          value=""
        />
        <ul
          className="item-actions"
        >
          <li>
            <a
              className="btn btn-primary btn-sm"
              href="#"
              onClick={[Function]}
              role="button"
            >
              <i
                aria-hidden="true"
                className="fa fa-folder-o"
              />
               Add Folder
            </a>
          </li>
        </ul>
      </div>
      <div
        className="files"
      >
        <table
          cellPadding="0"
          cellSpacing="0"
        >
          <thead>
            <tr
              className="folder"
            >
              <th>
                File
              </th>
              <th
                className="size"
              >
                Size
              </th>
              <th
                className="modified"
              >
                Last Modified
              </th>
            </tr>
          </thead>
          <tbody>
            <tr
              className="folder"
              onClick={[Function]}
              onDoubleClick={[Function]}
            >
              <td
                className="name"
              >
                <div
                  style={
                    Object {
                      "paddingLeft": "0px",
                    }
                  }
                >
                  <div>
                    <a
                      onClick={[Function]}
                    >
                      <i
                        aria-hidden="true"
                        className="fa fa-folder-o"
                      />
                      code
                    </a>
                  </div>
                </div>
              </td>
              <td />
              <td />
            </tr>
          </tbody>
        </table>
      </div>
    </div>
  </div>
</div>
`;
