// Jest Snapshot v1, https://goo.gl/fbAQLP

exports[`Test LocalLabbooks rendering 1`] = `
<div
  className="LocalLabbooks"
>
  <div
    className="WizardModal"
  >
    <div
      className="WizardModal__modal hidden"
    >
      <div
        className="WizardModal__progress"
      >
        <ul
          className="WizardModal__progress-bar"
        >
          <li
            className="WizardModal__progress-item selected"
          >
            Title & Description
          </li>
          <li
            className="WizardModal__progress-item"
          >
            
          </li>
          <li
            className="WizardModal__progress-item"
          >
            
          </li>
          <li
            className="WizardModal__progress-item"
          >
            
          </li>
          <li
            className="WizardModal__progress-item"
          >
            
          </li>
          <li
            className="WizardModal__progress-item"
          >
            
          </li>
          <li
            className="WizardModal__progress-item"
          >
            
          </li>
          <li
            className="WizardModal__progress-item"
          >
            
          </li>
        </ul>
      </div>
      <h4
        className="WizardModal__title"
      >
        Create a Lab Book
      </h4>
      <div
        className="WizardModal__modal-close"
        onClick={[Function]}
      >
        X
      </div>
      <div
        className="CreateLabbook"
      >
        <div
          className="CreateLabbook__modal-inner-container flex flex--column justify--space-between"
        >
          <div>
            <label>
              Title
            </label>
            <input
              className=""
              onChange={[Function]}
              placeholder="Enter a unique, descriptive title"
              type="text"
            />
            <span
              className="hidden"
            >
              Error: Title may only contain alphanumeric characters separated by hyphens. (e.g. lab-book-title)
            </span>
          </div>
          <div>
            <label>
              Description
            </label>
            <textarea
              className="CreateLabbook__description-input"
              onChange={[Function]}
              placeholder="Briefly describe this lab book, its purpose and any other key details. "
              type="text"
            />
          </div>
          <div
            className="CreateLabbook__text-divider-container"
          >
            <span
              className="CreateLabbook__text-divider"
            >
              or
            </span>
          </div>
          <div>
            <label>
              Add public Lab Books
            </label>
            <input
              placeholder="Enter URL Location"
              type="text"
            />
          </div>
        </div>
      </div>
      <div
        className="flex flex--row justify--center"
      >
        <button
          className="WizardModal__progress-button flat--button"
          disabled={true}
          onClick={[Function]}
        >
          Previous
        </button>
        <button
          className="WizardModal__progress-button flat--button"
          onClick={[Function]}
        >
          Cancel
        </button>
        <button
          className="WizardModal__progress-button flat--button"
          disabled={true}
          onClick={[Function]}
        >
          skip
        </button>
        <button
          disabled={true}
          onClick={[Function]}
        >
          Save and Continue Setup
        </button>
      </div>
    </div>
  </div>
  <h4
    className="LocalLabbooks__title"
    onClick={[Function]}
  >
    Lab Books 
    <div
      className="LocalLabbooks__title-add"
    />
  </h4>
  <div
    className="LocalLabbooks__labbooks flex flex--row flex--wrap justify--left"
  >
    <div
      className="LocalLabbooks__panel flex flex--column justify--space-between"
      onClick={[Function]}
    >
      <div
        className="LocalLabbooks__icon-row"
      >
        <div
          className="LocalLabbooks__labbook-icon"
        />
      </div>
      <div
        className="LocalLabbooks__text-row"
      >
        <h4>
          RERE
        </h4>
        <p
          className="LocalLabbooks__description"
        >
          sass
        </p>
      </div>
      <div
        className="LocalLabbooks__info-row flex flex--row"
      >
        <div
          className="LocalLabbooks__owner flex flex--row"
        >
          <div>
            Owner
          </div>
          <div
            className="LocalLabbooks__owner-icon"
          />
        </div>
        <div
          className="LocalLabbooks__status"
        />
      </div>
    </div>
    <div
      className="LocalLabbooks__panel flex flex--column justify--space-between"
      onClick={[Function]}
    >
      <div
        className="LocalLabbooks__icon-row"
      >
        <div
          className="LocalLabbooks__labbook-icon"
        />
      </div>
      <div
        className="LocalLabbooks__text-row"
      >
        <h4>
          aaa-labbook
        </h4>
        <p
          className="LocalLabbooks__description"
        >
          There are many variations of passages of Lorem Ipsum available, but the majority have suffered alteration in some form, by injected humour, or randomised words which dont look even slightly believable. If you are going to use a passage of Lorem Ipsum, you need to be sure there isnt anything embarrassing hidden in the middle of text. All the Lorem Ipsum generators on the Internet tend to repeat predefined chunks as necessary, making this the first true generator on the Internet. It uses a dictionary of over 200 Latin words, combined with a handful of model sentence structures, to generate Lorem Ipsum which looks reasonable. The generated Lorem Ipsum is therefore always free from repetition, injected humour, or non-characteristic words etc.
        </p>
      </div>
      <div
        className="LocalLabbooks__info-row flex flex--row"
      >
        <div
          className="LocalLabbooks__owner flex flex--row"
        >
          <div>
            Owner
          </div>
          <div
            className="LocalLabbooks__owner-icon"
          />
        </div>
        <div
          className="LocalLabbooks__status"
        />
      </div>
    </div>
    <div
      className="LocalLabbooks__panel flex flex--column justify--space-between"
      onClick={[Function]}
    >
      <div
        className="LocalLabbooks__icon-row"
      >
        <div
          className="LocalLabbooks__labbook-icon"
        />
      </div>
      <div
        className="LocalLabbooks__text-row"
      >
        <h4>
          adaddas324234
        </h4>
        <p
          className="LocalLabbooks__description"
        >
          asddsa
        </p>
      </div>
      <div
        className="LocalLabbooks__info-row flex flex--row"
      >
        <div
          className="LocalLabbooks__owner flex flex--row"
        >
          <div>
            Owner
          </div>
          <div
            className="LocalLabbooks__owner-icon"
          />
        </div>
        <div
          className="LocalLabbooks__status"
        />
      </div>
    </div>
    <div
      className="LocalLabbooks__panel flex flex--column justify--space-between"
      onClick={[Function]}
    >
      <div
        className="LocalLabbooks__icon-row"
      >
        <div
          className="LocalLabbooks__labbook-icon"
        />
      </div>
      <div
        className="LocalLabbooks__text-row"
      >
        <h4>
          adadsdas34343
        </h4>
        <p
          className="LocalLabbooks__description"
        >
          asdads
        </p>
      </div>
      <div
        className="LocalLabbooks__info-row flex flex--row"
      >
        <div
          className="LocalLabbooks__owner flex flex--row"
        >
          <div>
            Owner
          </div>
          <div
            className="LocalLabbooks__owner-icon"
          />
        </div>
        <div
          className="LocalLabbooks__status"
        />
      </div>
    </div>
    <div
      className="LocalLabbooks__panel flex flex--column justify--space-between"
      onClick={[Function]}
    >
      <div
        className="LocalLabbooks__icon-row"
      >
        <div
          className="LocalLabbooks__labbook-icon"
        />
      </div>
      <div
        className="LocalLabbooks__text-row"
      >
        <h4>
          adasads
        </h4>
        <p
          className="LocalLabbooks__description"
        >
          sadads
        </p>
      </div>
      <div
        className="LocalLabbooks__info-row flex flex--row"
      >
        <div
          className="LocalLabbooks__owner flex flex--row"
        >
          <div>
            Owner
          </div>
          <div
            className="LocalLabbooks__owner-icon"
          />
        </div>
        <div
          className="LocalLabbooks__status"
        />
      </div>
    </div>
    <div
      className="LocalLabbooks__panel flex flex--column justify--space-between"
      onClick={[Function]}
    >
      <div
        className="LocalLabbooks__icon-row"
      >
        <div
          className="LocalLabbooks__labbook-icon"
        />
      </div>
      <div
        className="LocalLabbooks__text-row"
      >
        <h4>
          addsasad
        </h4>
        <p
          className="LocalLabbooks__description"
        >
          asddasdsa
        </p>
      </div>
      <div
        className="LocalLabbooks__info-row flex flex--row"
      >
        <div
          className="LocalLabbooks__owner flex flex--row"
        >
          <div>
            Owner
          </div>
          <div
            className="LocalLabbooks__owner-icon"
          />
        </div>
        <div
          className="LocalLabbooks__status"
        />
      </div>
    </div>
    <div
      className="LocalLabbooks__panel flex flex--column justify--space-between"
      onClick={[Function]}
    >
      <div
        className="LocalLabbooks__icon-row"
      >
        <div
          className="LocalLabbooks__labbook-icon"
        />
      </div>
      <div
        className="LocalLabbooks__text-row"
      >
        <h4>
          adsasad
        </h4>
        <p
          className="LocalLabbooks__description"
        >
          sadsad
        </p>
      </div>
      <div
        className="LocalLabbooks__info-row flex flex--row"
      >
        <div
          className="LocalLabbooks__owner flex flex--row"
        >
          <div>
            Owner
          </div>
          <div
            className="LocalLabbooks__owner-icon"
          />
        </div>
        <div
          className="LocalLabbooks__status"
        />
      </div>
    </div>
    <div
      className="LocalLabbooks__panel flex flex--column justify--space-between"
      onClick={[Function]}
    >
      <div
        className="LocalLabbooks__icon-row"
      >
        <div
          className="LocalLabbooks__labbook-icon"
        />
      </div>
      <div
        className="LocalLabbooks__text-row"
      >
        <h4>
          adsasdadas
        </h4>
        <p
          className="LocalLabbooks__description"
        >
          asddasad
        </p>
      </div>
      <div
        className="LocalLabbooks__info-row flex flex--row"
      >
        <div
          className="LocalLabbooks__owner flex flex--row"
        >
          <div>
            Owner
          </div>
          <div
            className="LocalLabbooks__owner-icon"
          />
        </div>
        <div
          className="LocalLabbooks__status"
        />
      </div>
    </div>
    <div
      className="LocalLabbooks__panel flex flex--column justify--space-between"
      onClick={[Function]}
    >
      <div
        className="LocalLabbooks__icon-row"
      >
        <div
          className="LocalLabbooks__labbook-icon"
        />
      </div>
      <div
        className="LocalLabbooks__text-row"
      >
        <h4>
          adsdasads3234
        </h4>
        <p
          className="LocalLabbooks__description"
        >
          adsdas
        </p>
      </div>
      <div
        className="LocalLabbooks__info-row flex flex--row"
      >
        <div
          className="LocalLabbooks__owner flex flex--row"
        >
          <div>
            Owner
          </div>
          <div
            className="LocalLabbooks__owner-icon"
          />
        </div>
        <div
          className="LocalLabbooks__status"
        />
      </div>
    </div>
    <div
      className="LocalLabbooks__panel flex flex--column justify--space-between"
      onClick={[Function]}
    >
      <div
        className="LocalLabbooks__icon-row"
      >
        <div
          className="LocalLabbooks__labbook-icon"
        />
      </div>
      <div
        className="LocalLabbooks__text-row"
      >
        <h4>
          adssaads
        </h4>
        <p
          className="LocalLabbooks__description"
        >
          aadsdas
        </p>
      </div>
      <div
        className="LocalLabbooks__info-row flex flex--row"
      >
        <div
          className="LocalLabbooks__owner flex flex--row"
        >
          <div>
            Owner
          </div>
          <div
            className="LocalLabbooks__owner-icon"
          />
        </div>
        <div
          className="LocalLabbooks__status"
        />
      </div>
    </div>
    <div
      className="LocalLabbooks__panel flex flex--column justify--space-between"
      onClick={[Function]}
    >
      <div
        className="LocalLabbooks__icon-row"
      >
        <div
          className="LocalLabbooks__labbook-icon"
        />
      </div>
      <div
        className="LocalLabbooks__text-row"
      >
        <h4>
          asadsds
        </h4>
        <p
          className="LocalLabbooks__description"
        >
          adsad
        </p>
      </div>
      <div
        className="LocalLabbooks__info-row flex flex--row"
      >
        <div
          className="LocalLabbooks__owner flex flex--row"
        >
          <div>
            Owner
          </div>
          <div
            className="LocalLabbooks__owner-icon"
          />
        </div>
        <div
          className="LocalLabbooks__status"
        />
      </div>
    </div>
    <div
      className="LocalLabbooks__panel flex flex--column justify--space-between"
      onClick={[Function]}
    >
      <div
        className="LocalLabbooks__icon-row"
      >
        <div
          className="LocalLabbooks__labbook-icon"
        />
      </div>
      <div
        className="LocalLabbooks__text-row"
      >
        <h4>
          asdada
        </h4>
        <p
          className="LocalLabbooks__description"
        >
          asa
        </p>
      </div>
      <div
        className="LocalLabbooks__info-row flex flex--row"
      >
        <div
          className="LocalLabbooks__owner flex flex--row"
        >
          <div>
            Owner
          </div>
          <div
            className="LocalLabbooks__owner-icon"
          />
        </div>
        <div
          className="LocalLabbooks__status"
        />
      </div>
    </div>
    <div
      className="LocalLabbooks__panel flex flex--column justify--space-between"
      onClick={[Function]}
    >
      <div
        className="LocalLabbooks__icon-row"
      >
        <div
          className="LocalLabbooks__labbook-icon"
        />
      </div>
      <div
        className="LocalLabbooks__text-row"
      >
        <h4>
          asdads
        </h4>
        <p
          className="LocalLabbooks__description"
        >
          asdas
        </p>
      </div>
      <div
        className="LocalLabbooks__info-row flex flex--row"
      >
        <div
          className="LocalLabbooks__owner flex flex--row"
        >
          <div>
            Owner
          </div>
          <div
            className="LocalLabbooks__owner-icon"
          />
        </div>
        <div
          className="LocalLabbooks__status"
        />
      </div>
    </div>
    <div
      className="LocalLabbooks__panel flex flex--column justify--space-between"
      onClick={[Function]}
    >
      <div
        className="LocalLabbooks__icon-row"
      >
        <div
          className="LocalLabbooks__labbook-icon"
        />
      </div>
      <div
        className="LocalLabbooks__text-row"
      >
        <h4>
          asdadsdas
        </h4>
        <p
          className="LocalLabbooks__description"
        >
          
        </p>
      </div>
      <div
        className="LocalLabbooks__info-row flex flex--row"
      >
        <div
          className="LocalLabbooks__owner flex flex--row"
        >
          <div>
            Owner
          </div>
          <div
            className="LocalLabbooks__owner-icon"
          />
        </div>
        <div
          className="LocalLabbooks__status"
        />
      </div>
    </div>
    <div
      className="LocalLabbooks__panel flex flex--column justify--space-between"
      onClick={[Function]}
    >
      <div
        className="LocalLabbooks__icon-row"
      >
        <div
          className="LocalLabbooks__labbook-icon"
        />
      </div>
      <div
        className="LocalLabbooks__text-row"
      >
        <h4>
          asdasdadsdas322332
        </h4>
        <p
          className="LocalLabbooks__description"
        >
          223
        </p>
      </div>
      <div
        className="LocalLabbooks__info-row flex flex--row"
      >
        <div
          className="LocalLabbooks__owner flex flex--row"
        >
          <div>
            Owner
          </div>
          <div
            className="LocalLabbooks__owner-icon"
          />
        </div>
        <div
          className="LocalLabbooks__status"
        />
      </div>
    </div>
    <div
      className="LocalLabbooks__panel flex flex--column justify--space-between"
      onClick={[Function]}
    >
      <div
        className="LocalLabbooks__icon-row"
      >
        <div
          className="LocalLabbooks__labbook-icon"
        />
      </div>
      <div
        className="LocalLabbooks__text-row"
      >
        <h4>
          asddasadsasd21331
        </h4>
        <p
          className="LocalLabbooks__description"
        >
          asdads
        </p>
      </div>
      <div
        className="LocalLabbooks__info-row flex flex--row"
      >
        <div
          className="LocalLabbooks__owner flex flex--row"
        >
          <div>
            Owner
          </div>
          <div
            className="LocalLabbooks__owner-icon"
          />
        </div>
        <div
          className="LocalLabbooks__status"
        />
      </div>
    </div>
    <div
      className="LocalLabbooks__panel flex flex--column justify--space-between"
      onClick={[Function]}
    >
      <div
        className="LocalLabbooks__icon-row"
      >
        <div
          className="LocalLabbooks__labbook-icon"
        />
      </div>
      <div
        className="LocalLabbooks__text-row"
      >
        <h4>
          asdds
        </h4>
        <p
          className="LocalLabbooks__description"
        >
          asdad
        </p>
      </div>
      <div
        className="LocalLabbooks__info-row flex flex--row"
      >
        <div
          className="LocalLabbooks__owner flex flex--row"
        >
          <div>
            Owner
          </div>
          <div
            className="LocalLabbooks__owner-icon"
          />
        </div>
        <div
          className="LocalLabbooks__status"
        />
      </div>
    </div>
    <div
      className="LocalLabbooks__panel flex flex--column justify--space-between"
      onClick={[Function]}
    >
      <div
        className="LocalLabbooks__icon-row"
      >
        <div
          className="LocalLabbooks__labbook-icon"
        />
      </div>
      <div
        className="LocalLabbooks__text-row"
      >
        <h4>
          asdsadad
        </h4>
        <p
          className="LocalLabbooks__description"
        >
          asdasd
        </p>
      </div>
      <div
        className="LocalLabbooks__info-row flex flex--row"
      >
        <div
          className="LocalLabbooks__owner flex flex--row"
        >
          <div>
            Owner
          </div>
          <div
            className="LocalLabbooks__owner-icon"
          />
        </div>
        <div
          className="LocalLabbooks__status"
        />
      </div>
    </div>
    <div
      className="LocalLabbooks__panel flex flex--column justify--space-between"
      onClick={[Function]}
    >
      <div
        className="LocalLabbooks__icon-row"
      >
        <div
          className="LocalLabbooks__labbook-icon"
        />
      </div>
      <div
        className="LocalLabbooks__text-row"
      >
        <h4>
          asdsdasd
        </h4>
        <p
          className="LocalLabbooks__description"
        >
          dasdas
        </p>
      </div>
      <div
        className="LocalLabbooks__info-row flex flex--row"
      >
        <div
          className="LocalLabbooks__owner flex flex--row"
        >
          <div>
            Owner
          </div>
          <div
            className="LocalLabbooks__owner-icon"
          />
        </div>
        <div
          className="LocalLabbooks__status"
        />
      </div>
    </div>
    <div
      className="LocalLabbooks__panel flex flex--column justify--space-between"
      onClick={[Function]}
    >
      <div
        className="LocalLabbooks__icon-row"
      >
        <div
          className="LocalLabbooks__labbook-icon"
        />
      </div>
      <div
        className="LocalLabbooks__text-row"
      >
        <h4>
          astronomicle
        </h4>
        <p
          className="LocalLabbooks__description"
        >
          
        </p>
      </div>
      <div
        className="LocalLabbooks__info-row flex flex--row"
      >
        <div
          className="LocalLabbooks__owner flex flex--row"
        >
          <div>
            Owner
          </div>
          <div
            className="LocalLabbooks__owner-icon"
          />
        </div>
        <div
          className="LocalLabbooks__status"
        />
      </div>
    </div>
    <div
      className="LocalLabbooks__panel LocalLabbooks__panel--add flex flex--row justify--center"
      onClick={[Function]}
    >
      <div
        className="LocalLabbooks__labbook-icon"
      >
        <div
          className="LocalLabbooks__title-add"
        />
      </div>
    </div>
  </div>
</div>
`;
