// Jest Snapshot v1, https://goo.gl/fbAQLP

exports[`Test LocalLabbooks rendering 1`] = `
<div
  className="LocalLabbooks"
>
  <div
    className="WizardModal"
  >
    <div
      className="WizardModal__modal hidden"
    >
      <div
        className="WizardModal__progress"
      >
        <ul
          className="WizardModal__progress-bar"
        >
          <li
            className="WizardModal__progress-item selected"
          >
            Title & Description
          </li>
          <li
            className="WizardModal__progress-item"
          >
            
          </li>
          <li
            className="WizardModal__progress-item"
          >
            
          </li>
          <li
            className="WizardModal__progress-item"
          >
            
          </li>
          <li
            className="WizardModal__progress-item"
          >
            
          </li>
          <li
            className="WizardModal__progress-item"
          >
            
          </li>
        </ul>
      </div>
      <h4
        className="WizardModal__title"
      >
        Create a Lab Book
      </h4>
      <div
        className="WizardModal__modal-close"
        onClick={[Function]}
      >
        X
      </div>
      <div
        className="CreateLabbook"
      >
        <div
          className="CreateLabbook__modal-inner-container flex flex--column justify--space-between"
        >
          <div>
            <label>
              Title
            </label>
            <input
              className=""
              onChange={[Function]}
              placeholder="Enter a unique, descriptive title"
              type="text"
            />
            <span
              className="hidden"
            >
              Error: Title may only contain alphanumeric characters separated by hyphens. (e.g. lab-book-title)
            </span>
          </div>
          <div>
            <label>
              Description
            </label>
            <textarea
              className="CreateLabbook__description-input"
              onChange={[Function]}
              placeholder="Briefly describe this lab book, its purpose and any other key details. "
              type="text"
            />
          </div>
          <div
            className="CreateLabbook__text-divider-container"
          >
            <span
              className="CreateLabbook__text-divider"
            >
              or
            </span>
          </div>
          <div>
            <label>
              Add public Lab Books
            </label>
            <input
              placeholder="Enter URL Location"
              type="text"
            />
          </div>
        </div>
      </div>
      <div
        className="flex flex--row justify--center"
      >
        <button
          className="WizardModal__progress-button flat--button"
          disabled={true}
          onClick={[Function]}
        >
          Previous
        </button>
        <button
          className="WizardModal__progress-button flat--button"
          onClick={[Function]}
        >
          Cancel
        </button>
        <button
          className="WizardModal__progress-button flat--button"
          disabled={true}
          onClick={[Function]}
        >
          skip
        </button>
        <button
          disabled={true}
          onClick={[Function]}
        >
          Save and Continue Setup
        </button>
      </div>
    </div>
  </div>
  <div
    className="LocalLabbooks__title-bar flex flex--row justify--space-between"
  >
    <h4
      className="LocalLabbooks__title"
      onClick={[Function]}
    >
      Lab Books
      <div
        className="LocalLabbooks__title-add"
      />
    </h4>
  </div>
  <div
    className="LocalLabbooks__labbooks"
  >
    <div
      className="LocalLabbooks__sizer"
    >
      <div
        className="LocalLabbooks__panel LocalLabbooks__panel--add flex flex--row justify--center"
        onClick={[Function]}
      >
        <div
          className="LocalLabbooks__labbook-icon"
        >
          <div
            className="LocalLabbooks__title-add"
          />
        </div>
      </div>
      <div
        className="ImportModule LocalLabbooks__panel LocalLabbooks__panel--import"
      >
        <label
          htmlFor="file__input"
        >
          <button
            className="ImportModule__upload-button"
            disabled={true}
            id="file__upload"
            onClick={[Function]}
          >
            Import Lab Book
          </button>
          <div
            className="ImportModule__drop-area flex justify-center"
            id="dropZone"
            onDragEnd={[Function]}
            onDragOver={[Function]}
            onDrop={[Function]}
            type="file"
          >
            <h6
              className="ImportModule__instructions"
              id="dropZone__helper"
            >
              Drag & Drop .lbk file, or click to select.
            </h6>
          </div>
        </label>
        <input
          className="hidden"
          id="file__input"
          onChange={[Function]}
          type="file"
        />
        <div
          className="hidden"
        />
      </div>
      <div
        className="LocalLabbooks__panel flex flex--column justify--space-between"
      >
        <div
          className="LocalLabbooks__icon-row"
        >
          <div
            className="LocalLabbooks__labbook-icon"
            onClick={[Function]}
          />
          <div
            className="LocalLabbooks__containerStatus flex justify--space-between flex--column"
          >
            <div
              className="LocalLabbooks__containerStatus--state Closed"
            >
              Closed
            </div>
          </div>
        </div>
        <div
          className="LocalLabbooks__text-row"
        >
          <div
            className="LocalLabbooks__title-row"
          >
            <h4
              className="LocalLabbooks__panel-title"
              onClick={[Function]}
            >
              a-lab-book
            </h4>
            <div
              className="LocalLabbooks__edit-button"
              onClick={[Function]}
            />
          </div>
          <p
            className="LocalLabbooks__description"
            onClick={[Function]}
          >
            
          </p>
        </div>
        <div
          className="LocalLabbooks__info-row flex flex--row justify--space-between"
        >
          <div
            className="LocalLabbooks__owner flex flex--row"
          >
            <div>
              Owner
            </div>
            <div
              className="LocalLabbooks__owner-icon"
            />
          </div>
          <div
            className="LocalLabbooks__status"
          >
            <div
              className="LocalLabbooks__export"
              id="Export__localLabbooksa-lab-book"
              onMouseDown={[Function]}
            >
              Export
            </div>
          </div>
        </div>
      </div>
      <div
        className="LocalLabbooks__panel flex flex--column justify--space-between"
      >
        <div
          className="LocalLabbooks__icon-row"
        >
          <div
            className="LocalLabbooks__labbook-icon"
            onClick={[Function]}
          />
          <div
            className="LocalLabbooks__containerStatus flex justify--space-between flex--column"
          >
            <div
              className="LocalLabbooks__containerStatus--state Closed"
            >
              Closed
            </div>
          </div>
        </div>
        <div
          className="LocalLabbooks__text-row"
        >
          <div
            className="LocalLabbooks__title-row"
          >
            <h4
              className="LocalLabbooks__panel-title"
              onClick={[Function]}
            >
              a-lab-boook
            </h4>
            <div
              className="LocalLabbooks__edit-button"
              onClick={[Function]}
            />
          </div>
          <p
            className="LocalLabbooks__description"
            onClick={[Function]}
          >
            daadsad
          </p>
        </div>
        <div
          className="LocalLabbooks__info-row flex flex--row justify--space-between"
        >
          <div
            className="LocalLabbooks__owner flex flex--row"
          >
            <div>
              Owner
            </div>
            <div
              className="LocalLabbooks__owner-icon"
            />
          </div>
          <div
            className="LocalLabbooks__status"
          >
            <div
              className="LocalLabbooks__export"
              id="Export__localLabbooksa-lab-boook"
              onMouseDown={[Function]}
            >
              Export
            </div>
          </div>
        </div>
      </div>
      <div
        className="LocalLabbooks__panel flex flex--column justify--space-between"
      >
        <div
          className="LocalLabbooks__icon-row"
        >
          <div
            className="LocalLabbooks__labbook-icon"
            onClick={[Function]}
          />
          <div
            className="LocalLabbooks__containerStatus flex justify--space-between flex--column"
          >
            <div
              className="LocalLabbooks__containerStatus--state Closed"
            >
              Closed
            </div>
          </div>
        </div>
        <div
          className="LocalLabbooks__text-row"
        >
          <div
            className="LocalLabbooks__title-row"
          >
            <h4
              className="LocalLabbooks__panel-title"
              onClick={[Function]}
            >
              a-labbook
            </h4>
            <div
              className="LocalLabbooks__edit-button"
              onClick={[Function]}
            />
          </div>
          <p
            className="LocalLabbooks__description"
            onClick={[Function]}
          >
            
          </p>
        </div>
        <div
          className="LocalLabbooks__info-row flex flex--row justify--space-between"
        >
          <div
            className="LocalLabbooks__owner flex flex--row"
          >
            <div>
              Owner
            </div>
            <div
              className="LocalLabbooks__owner-icon"
            />
          </div>
          <div
            className="LocalLabbooks__status"
          >
            <div
              className="LocalLabbooks__export"
              id="Export__localLabbooksa-labbook"
              onMouseDown={[Function]}
            >
              Export
            </div>
          </div>
        </div>
      </div>
      <div
        className="LocalLabbooks__panel flex flex--column justify--space-between"
      >
        <div
          className="LocalLabbooks__icon-row"
        >
          <div
            className="LocalLabbooks__labbook-icon"
            onClick={[Function]}
          />
          <div
            className="LocalLabbooks__containerStatus flex justify--space-between flex--column"
          >
            <div
              className="LocalLabbooks__containerStatus--state Closed"
            >
              Closed
            </div>
          </div>
        </div>
        <div
          className="LocalLabbooks__text-row"
        >
          <div
            className="LocalLabbooks__title-row"
          >
            <h4
              className="LocalLabbooks__panel-title"
              onClick={[Function]}
            >
              a-labbook-adsdsa
            </h4>
            <div
              className="LocalLabbooks__edit-button"
              onClick={[Function]}
            />
          </div>
          <p
            className="LocalLabbooks__description"
            onClick={[Function]}
          >
            zxczx
          </p>
        </div>
        <div
          className="LocalLabbooks__info-row flex flex--row justify--space-between"
        >
          <div
            className="LocalLabbooks__owner flex flex--row"
          >
            <div>
              Owner
            </div>
            <div
              className="LocalLabbooks__owner-icon"
            />
          </div>
          <div
            className="LocalLabbooks__status"
          >
            <div
              className="LocalLabbooks__export"
              id="Export__localLabbooksa-labbook-adsdsa"
              onMouseDown={[Function]}
            >
              Export
            </div>
          </div>
        </div>
      </div>
      <div
        className="LocalLabbooks__panel flex flex--column justify--space-between"
      >
        <div
          className="LocalLabbooks__icon-row"
        >
          <div
            className="LocalLabbooks__labbook-icon"
            onClick={[Function]}
          />
          <div
            className="LocalLabbooks__containerStatus flex justify--space-between flex--column"
          >
            <div
              className="LocalLabbooks__containerStatus--state Closed"
            >
              Closed
            </div>
          </div>
        </div>
        <div
          className="LocalLabbooks__text-row"
        >
          <div
            className="LocalLabbooks__title-row"
          >
            <h4
              className="LocalLabbooks__panel-title"
              onClick={[Function]}
            >
              aaa-labbook
            </h4>
            <div
              className="LocalLabbooks__edit-button"
              onClick={[Function]}
            />
          </div>
          <p
            className="LocalLabbooks__description"
            onClick={[Function]}
          >
            There are many variations of passages of Lorem Ipsum available, but the majority have suffered alteration in some form, by injected humour, or randomised words which dont look even slightly believable. If you are going to use a passage of Lorem Ipsum, you need to be sure there isnt anything embarrassing hidden in the middle of text. All the Lorem Ipsum generators on the Internet tend to repeat predefined chunks as necessary, making this the first true generator on the Internet. It uses a dictionary of over 200 Latin words, combined with a handful of model sentence structures, to generate Lorem Ipsum which looks reasonable. The generated Lorem Ipsum is therefore always free from repetition, injected humour, or non-characteristic words etc.
          </p>
        </div>
        <div
          className="LocalLabbooks__info-row flex flex--row justify--space-between"
        >
          <div
            className="LocalLabbooks__owner flex flex--row"
          >
            <div>
              Owner
            </div>
            <div
              className="LocalLabbooks__owner-icon"
            />
          </div>
          <div
            className="LocalLabbooks__status"
          >
            <div
              className="LocalLabbooks__export"
              id="Export__localLabbooksaaa-labbook"
              onMouseDown={[Function]}
            >
              Export
            </div>
          </div>
        </div>
      </div>
      <div
        className="LocalLabbooks__panel flex flex--column justify--space-between"
      >
        <div
          className="LocalLabbooks__icon-row"
        >
          <div
            className="LocalLabbooks__labbook-icon"
            onClick={[Function]}
          />
          <div
            className="LocalLabbooks__containerStatus flex justify--space-between flex--column"
          >
            <div
              className="LocalLabbooks__containerStatus--state Closed"
            >
              Closed
            </div>
          </div>
        </div>
        <div
          className="LocalLabbooks__text-row"
        >
          <div
            className="LocalLabbooks__title-row"
          >
            <h4
              className="LocalLabbooks__panel-title"
              onClick={[Function]}
            >
              aaaaaaaaa-lab
            </h4>
            <div
              className="LocalLabbooks__edit-button"
              onClick={[Function]}
            />
          </div>
          <p
            className="LocalLabbooks__description"
            onClick={[Function]}
          >
            sadasdasd
          </p>
        </div>
        <div
          className="LocalLabbooks__info-row flex flex--row justify--space-between"
        >
          <div
            className="LocalLabbooks__owner flex flex--row"
          >
            <div>
              Owner
            </div>
            <div
              className="LocalLabbooks__owner-icon"
            />
          </div>
          <div
            className="LocalLabbooks__status"
          >
            <div
              className="LocalLabbooks__export"
              id="Export__localLabbooksaaaaaaaaa-lab"
              onMouseDown={[Function]}
            >
              Export
            </div>
          </div>
        </div>
      </div>
      <div
        className="LocalLabbooks__panel flex flex--column justify--space-between"
      >
        <div
          className="LocalLabbooks__icon-row"
        >
          <div
            className="LocalLabbooks__labbook-icon"
            onClick={[Function]}
          />
          <div
            className="LocalLabbooks__containerStatus flex justify--space-between flex--column"
          >
            <div
              className="LocalLabbooks__containerStatus--state Closed"
            >
              Closed
            </div>
          </div>
        </div>
        <div
          className="LocalLabbooks__text-row"
        >
          <div
            className="LocalLabbooks__title-row"
          >
            <h4
              className="LocalLabbooks__panel-title"
              onClick={[Function]}
            >
              aaaaaaaaaa
            </h4>
            <div
              className="LocalLabbooks__edit-button"
              onClick={[Function]}
            />
          </div>
          <p
            className="LocalLabbooks__description"
            onClick={[Function]}
          >
            
          </p>
        </div>
        <div
          className="LocalLabbooks__info-row flex flex--row justify--space-between"
        >
          <div
            className="LocalLabbooks__owner flex flex--row"
          >
            <div>
              Owner
            </div>
            <div
              className="LocalLabbooks__owner-icon"
            />
          </div>
          <div
            className="LocalLabbooks__status"
          >
            <div
              className="LocalLabbooks__export"
              id="Export__localLabbooksaaaaaaaaaa"
              onMouseDown={[Function]}
            >
              Export
            </div>
          </div>
        </div>
      </div>
      <div
        className="LocalLabbooks__panel flex flex--column justify--space-between"
      >
        <div
          className="LocalLabbooks__icon-row"
        >
          <div
            className="LocalLabbooks__labbook-icon"
            onClick={[Function]}
          />
          <div
            className="LocalLabbooks__containerStatus flex justify--space-between flex--column"
          >
            <div
              className="LocalLabbooks__containerStatus--state Closed"
            >
              Closed
            </div>
          </div>
        </div>
        <div
          className="LocalLabbooks__text-row"
        >
          <div
            className="LocalLabbooks__title-row"
          >
            <h4
              className="LocalLabbooks__panel-title"
              onClick={[Function]}
            >
              aaaaaasadas-ddsads
            </h4>
            <div
              className="LocalLabbooks__edit-button"
              onClick={[Function]}
            />
          </div>
          <p
            className="LocalLabbooks__description"
            onClick={[Function]}
          >
            descriptuon 
          </p>
        </div>
        <div
          className="LocalLabbooks__info-row flex flex--row justify--space-between"
        >
          <div
            className="LocalLabbooks__owner flex flex--row"
          >
            <div>
              Owner
            </div>
            <div
              className="LocalLabbooks__owner-icon"
            />
          </div>
          <div
            className="LocalLabbooks__status"
          >
            <div
              className="LocalLabbooks__export"
              id="Export__localLabbooksaaaaaasadas-ddsads"
              onMouseDown={[Function]}
            >
              Export
            </div>
          </div>
        </div>
      </div>
      <div
        className="LocalLabbooks__panel flex flex--column justify--space-between"
      >
        <div
          className="LocalLabbooks__icon-row"
        >
          <div
            className="LocalLabbooks__labbook-icon"
            onClick={[Function]}
          />
          <div
            className="LocalLabbooks__containerStatus flex justify--space-between flex--column"
          >
            <div
              className="LocalLabbooks__containerStatus--state Closed"
            >
              Closed
            </div>
          </div>
        </div>
        <div
          className="LocalLabbooks__text-row"
        >
          <div
            className="LocalLabbooks__title-row"
          >
            <h4
              className="LocalLabbooks__panel-title"
              onClick={[Function]}
            >
              adaadsads
            </h4>
            <div
              className="LocalLabbooks__edit-button"
              onClick={[Function]}
            />
          </div>
          <p
            className="LocalLabbooks__description"
            onClick={[Function]}
          >
            adsadsdas
          </p>
        </div>
        <div
          className="LocalLabbooks__info-row flex flex--row justify--space-between"
        >
          <div
            className="LocalLabbooks__owner flex flex--row"
          >
            <div>
              Owner
            </div>
            <div
              className="LocalLabbooks__owner-icon"
            />
          </div>
          <div
            className="LocalLabbooks__status"
          >
            <div
              className="LocalLabbooks__export"
              id="Export__localLabbooksadaadsads"
              onMouseDown={[Function]}
            >
              Export
            </div>
          </div>
        </div>
      </div>
      <div
        className="LocalLabbooks__panel flex flex--column justify--space-between"
      >
        <div
          className="LocalLabbooks__icon-row"
        >
          <div
            className="LocalLabbooks__labbook-icon"
            onClick={[Function]}
          />
          <div
            className="LocalLabbooks__containerStatus flex justify--space-between flex--column"
          >
            <div
              className="LocalLabbooks__containerStatus--state Closed"
            >
              Closed
            </div>
          </div>
        </div>
        <div
          className="LocalLabbooks__text-row"
        >
          <div
            className="LocalLabbooks__title-row"
          >
            <h4
              className="LocalLabbooks__panel-title"
              onClick={[Function]}
            >
              adadawewew
            </h4>
            <div
              className="LocalLabbooks__edit-button"
              onClick={[Function]}
            />
          </div>
          <p
            className="LocalLabbooks__description"
            onClick={[Function]}
          >
            
          </p>
        </div>
        <div
          className="LocalLabbooks__info-row flex flex--row justify--space-between"
        >
          <div
            className="LocalLabbooks__owner flex flex--row"
          >
            <div>
              Owner
            </div>
            <div
              className="LocalLabbooks__owner-icon"
            />
          </div>
          <div
            className="LocalLabbooks__status"
          >
            <div
              className="LocalLabbooks__export"
              id="Export__localLabbooksadadawewew"
              onMouseDown={[Function]}
            >
              Export
            </div>
          </div>
        </div>
      </div>
      <div
        className="LocalLabbooks__panel flex flex--column justify--space-between"
      >
        <div
          className="LocalLabbooks__icon-row"
        >
          <div
            className="LocalLabbooks__labbook-icon"
            onClick={[Function]}
          />
          <div
            className="LocalLabbooks__containerStatus flex justify--space-between flex--column"
          >
            <div
              className="LocalLabbooks__containerStatus--state Closed"
            >
              Closed
            </div>
          </div>
        </div>
        <div
          className="LocalLabbooks__text-row"
        >
          <div
            className="LocalLabbooks__title-row"
          >
            <h4
              className="LocalLabbooks__panel-title"
              onClick={[Function]}
            >
              adadda
            </h4>
            <div
              className="LocalLabbooks__edit-button"
              onClick={[Function]}
            />
          </div>
          <p
            className="LocalLabbooks__description"
            onClick={[Function]}
          >
            
          </p>
        </div>
        <div
          className="LocalLabbooks__info-row flex flex--row justify--space-between"
        >
          <div
            className="LocalLabbooks__owner flex flex--row"
          >
            <div>
              Owner
            </div>
            <div
              className="LocalLabbooks__owner-icon"
            />
          </div>
          <div
            className="LocalLabbooks__status"
          >
            <div
              className="LocalLabbooks__export"
              id="Export__localLabbooksadadda"
              onMouseDown={[Function]}
            >
              Export
            </div>
          </div>
        </div>
      </div>
      <div
        className="LocalLabbooks__panel flex flex--column justify--space-between"
      >
        <div
          className="LocalLabbooks__icon-row"
        >
          <div
            className="LocalLabbooks__labbook-icon"
            onClick={[Function]}
          />
          <div
            className="LocalLabbooks__containerStatus flex justify--space-between flex--column"
          >
            <div
              className="LocalLabbooks__containerStatus--state Closed"
            >
              Closed
            </div>
          </div>
        </div>
        <div
          className="LocalLabbooks__text-row"
        >
          <div
            className="LocalLabbooks__title-row"
          >
            <h4
              className="LocalLabbooks__panel-title"
              onClick={[Function]}
            >
              adaddas324234
            </h4>
            <div
              className="LocalLabbooks__edit-button"
              onClick={[Function]}
            />
          </div>
          <p
            className="LocalLabbooks__description"
            onClick={[Function]}
          >
            asddsa
          </p>
        </div>
        <div
          className="LocalLabbooks__info-row flex flex--row justify--space-between"
        >
          <div
            className="LocalLabbooks__owner flex flex--row"
          >
            <div>
              Owner
            </div>
            <div
              className="LocalLabbooks__owner-icon"
            />
          </div>
          <div
            className="LocalLabbooks__status"
          >
            <div
              className="LocalLabbooks__export"
              id="Export__localLabbooksadaddas324234"
              onMouseDown={[Function]}
            >
              Export
            </div>
          </div>
        </div>
      </div>
      <div
        className="LocalLabbooks__panel flex flex--column justify--space-between"
      >
        <div
          className="LocalLabbooks__icon-row"
        >
          <div
            className="LocalLabbooks__labbook-icon"
            onClick={[Function]}
          />
          <div
            className="LocalLabbooks__containerStatus flex justify--space-between flex--column"
          >
            <div
              className="LocalLabbooks__containerStatus--state Closed"
            >
              Closed
            </div>
          </div>
        </div>
        <div
          className="LocalLabbooks__text-row"
        >
          <div
            className="LocalLabbooks__title-row"
          >
            <h4
              className="LocalLabbooks__panel-title"
              onClick={[Function]}
            >
              adadsdas34343
            </h4>
            <div
              className="LocalLabbooks__edit-button"
              onClick={[Function]}
            />
          </div>
          <p
            className="LocalLabbooks__description"
            onClick={[Function]}
          >
            asdads
          </p>
        </div>
        <div
          className="LocalLabbooks__info-row flex flex--row justify--space-between"
        >
          <div
            className="LocalLabbooks__owner flex flex--row"
          >
            <div>
              Owner
            </div>
            <div
              className="LocalLabbooks__owner-icon"
            />
          </div>
          <div
            className="LocalLabbooks__status"
          >
            <div
              className="LocalLabbooks__export"
              id="Export__localLabbooksadadsdas34343"
              onMouseDown={[Function]}
            >
              Export
            </div>
          </div>
        </div>
      </div>
      <div
        className="LocalLabbooks__panel flex flex--column justify--space-between"
      >
        <div
          className="LocalLabbooks__icon-row"
        >
          <div
            className="LocalLabbooks__labbook-icon"
            onClick={[Function]}
          />
          <div
            className="LocalLabbooks__containerStatus flex justify--space-between flex--column"
          >
            <div
              className="LocalLabbooks__containerStatus--state Closed"
            >
              Closed
            </div>
          </div>
        </div>
        <div
          className="LocalLabbooks__text-row"
        >
          <div
            className="LocalLabbooks__title-row"
          >
            <h4
              className="LocalLabbooks__panel-title"
              onClick={[Function]}
            >
              adasads
            </h4>
            <div
              className="LocalLabbooks__edit-button"
              onClick={[Function]}
            />
          </div>
          <p
            className="LocalLabbooks__description"
            onClick={[Function]}
          >
            sadads
          </p>
        </div>
        <div
          className="LocalLabbooks__info-row flex flex--row justify--space-between"
        >
          <div
            className="LocalLabbooks__owner flex flex--row"
          >
            <div>
              Owner
            </div>
            <div
              className="LocalLabbooks__owner-icon"
            />
          </div>
          <div
            className="LocalLabbooks__status"
          >
            <div
              className="LocalLabbooks__export"
              id="Export__localLabbooksadasads"
              onMouseDown={[Function]}
            >
              Export
            </div>
          </div>
        </div>
      </div>
      <div
        className="LocalLabbooks__panel flex flex--column justify--space-between"
      >
        <div
          className="LocalLabbooks__icon-row"
        >
          <div
            className="LocalLabbooks__labbook-icon"
            onClick={[Function]}
          />
          <div
            className="LocalLabbooks__containerStatus flex justify--space-between flex--column"
          >
            <div
              className="LocalLabbooks__containerStatus--state Closed"
            >
              Closed
            </div>
          </div>
        </div>
        <div
          className="LocalLabbooks__text-row"
        >
          <div
            className="LocalLabbooks__title-row"
          >
            <h4
              className="LocalLabbooks__panel-title"
              onClick={[Function]}
            >
              adasdlkdkala
            </h4>
            <div
              className="LocalLabbooks__edit-button"
              onClick={[Function]}
            />
          </div>
          <p
            className="LocalLabbooks__description"
            onClick={[Function]}
          >
            
          </p>
        </div>
        <div
          className="LocalLabbooks__info-row flex flex--row justify--space-between"
        >
          <div
            className="LocalLabbooks__owner flex flex--row"
          >
            <div>
              Owner
            </div>
            <div
              className="LocalLabbooks__owner-icon"
            />
          </div>
          <div
            className="LocalLabbooks__status"
          >
            <div
              className="LocalLabbooks__export"
              id="Export__localLabbooksadasdlkdkala"
              onMouseDown={[Function]}
            >
              Export
            </div>
          </div>
        </div>
      </div>
      <div
        className="LocalLabbooks__panel flex flex--column justify--space-between"
      >
        <div
          className="LocalLabbooks__icon-row"
        >
          <div
            className="LocalLabbooks__labbook-icon"
            onClick={[Function]}
          />
          <div
            className="LocalLabbooks__containerStatus flex justify--space-between flex--column"
          >
            <div
              className="LocalLabbooks__containerStatus--state Closed"
            >
              Closed
            </div>
          </div>
        </div>
        <div
          className="LocalLabbooks__text-row"
        >
          <div
            className="LocalLabbooks__title-row"
          >
            <h4
              className="LocalLabbooks__panel-title"
              onClick={[Function]}
            >
              addsasad
            </h4>
            <div
              className="LocalLabbooks__edit-button"
              onClick={[Function]}
            />
          </div>
          <p
            className="LocalLabbooks__description"
            onClick={[Function]}
          >
            asddasdsa
          </p>
        </div>
        <div
          className="LocalLabbooks__info-row flex flex--row justify--space-between"
        >
          <div
            className="LocalLabbooks__owner flex flex--row"
          >
            <div>
              Owner
            </div>
            <div
              className="LocalLabbooks__owner-icon"
            />
          </div>
          <div
            className="LocalLabbooks__status"
          >
            <div
              className="LocalLabbooks__export"
              id="Export__localLabbooksaddsasad"
              onMouseDown={[Function]}
            >
              Export
            </div>
          </div>
        </div>
      </div>
      <div
        className="LocalLabbooks__panel flex flex--column justify--space-between"
      >
        <div
          className="LocalLabbooks__icon-row"
        >
          <div
            className="LocalLabbooks__labbook-icon"
            onClick={[Function]}
          />
          <div
            className="LocalLabbooks__containerStatus flex justify--space-between flex--column"
          >
            <div
              className="LocalLabbooks__containerStatus--state Closed"
            >
              Closed
            </div>
          </div>
        </div>
        <div
          className="LocalLabbooks__text-row"
        >
          <div
            className="LocalLabbooks__title-row"
          >
            <h4
              className="LocalLabbooks__panel-title"
              onClick={[Function]}
            >
              adsads
            </h4>
            <div
              className="LocalLabbooks__edit-button"
              onClick={[Function]}
            />
          </div>
          <p
            className="LocalLabbooks__description"
            onClick={[Function]}
          >
            addaad
          </p>
        </div>
        <div
          className="LocalLabbooks__info-row flex flex--row justify--space-between"
        >
          <div
            className="LocalLabbooks__owner flex flex--row"
          >
            <div>
              Owner
            </div>
            <div
              className="LocalLabbooks__owner-icon"
            />
          </div>
          <div
            className="LocalLabbooks__status"
          >
            <div
              className="LocalLabbooks__export"
              id="Export__localLabbooksadsads"
              onMouseDown={[Function]}
            >
              Export
            </div>
          </div>
        </div>
      </div>
      <div
        className="LocalLabbooks__panel flex flex--column justify--space-between"
      >
        <div
          className="LocalLabbooks__icon-row"
        >
          <div
            className="LocalLabbooks__labbook-icon"
            onClick={[Function]}
          />
          <div
            className="LocalLabbooks__containerStatus flex justify--space-between flex--column"
          >
            <div
              className="LocalLabbooks__containerStatus--state Closed"
            >
              Closed
            </div>
          </div>
        </div>
        <div
          className="LocalLabbooks__text-row"
        >
          <div
            className="LocalLabbooks__title-row"
          >
            <h4
              className="LocalLabbooks__panel-title"
              onClick={[Function]}
            >
              adsadssa4ew
            </h4>
            <div
              className="LocalLabbooks__edit-button"
              onClick={[Function]}
            />
          </div>
          <p
            className="LocalLabbooks__description"
            onClick={[Function]}
          >
            
          </p>
        </div>
        <div
          className="LocalLabbooks__info-row flex flex--row justify--space-between"
        >
          <div
            className="LocalLabbooks__owner flex flex--row"
          >
            <div>
              Owner
            </div>
            <div
              className="LocalLabbooks__owner-icon"
            />
          </div>
          <div
            className="LocalLabbooks__status"
          >
            <div
              className="LocalLabbooks__export"
              id="Export__localLabbooksadsadssa4ew"
              onMouseDown={[Function]}
            >
              Export
            </div>
          </div>
        </div>
      </div>
      <div
        className="LocalLabbooks__panel flex flex--column justify--space-between"
      >
        <div
          className="LocalLabbooks__icon-row"
        >
          <div
            className="LocalLabbooks__labbook-icon"
            onClick={[Function]}
          />
          <div
            className="LocalLabbooks__containerStatus flex justify--space-between flex--column"
          >
            <div
              className="LocalLabbooks__containerStatus--state Closed"
            >
              Closed
            </div>
          </div>
        </div>
        <div
          className="LocalLabbooks__text-row"
        >
          <div
            className="LocalLabbooks__title-row"
          >
            <h4
              className="LocalLabbooks__panel-title"
              onClick={[Function]}
            >
              adsasad
            </h4>
            <div
              className="LocalLabbooks__edit-button"
              onClick={[Function]}
            />
          </div>
          <p
            className="LocalLabbooks__description"
            onClick={[Function]}
          >
            sadsad
          </p>
        </div>
        <div
          className="LocalLabbooks__info-row flex flex--row justify--space-between"
        >
          <div
            className="LocalLabbooks__owner flex flex--row"
          >
            <div>
              Owner
            </div>
            <div
              className="LocalLabbooks__owner-icon"
            />
          </div>
          <div
            className="LocalLabbooks__status"
          >
            <div
              className="LocalLabbooks__export"
              id="Export__localLabbooksadsasad"
              onMouseDown={[Function]}
            >
              Export
            </div>
          </div>
        </div>
      </div>
      <div
        className="LocalLabbooks__panel flex flex--column justify--space-between"
      >
        <div
          className="LocalLabbooks__icon-row"
        >
          <div
            className="LocalLabbooks__labbook-icon"
            onClick={[Function]}
          />
          <div
            className="LocalLabbooks__containerStatus flex justify--space-between flex--column"
          >
            <div
              className="LocalLabbooks__containerStatus--state Closed"
            >
              Closed
            </div>
          </div>
        </div>
        <div
          className="LocalLabbooks__text-row"
        >
          <div
            className="LocalLabbooks__title-row"
          >
            <h4
              className="LocalLabbooks__panel-title"
              onClick={[Function]}
            >
              adsasdadas
            </h4>
            <div
              className="LocalLabbooks__edit-button"
              onClick={[Function]}
            />
          </div>
          <p
            className="LocalLabbooks__description"
            onClick={[Function]}
          >
            asddasad
          </p>
        </div>
        <div
          className="LocalLabbooks__info-row flex flex--row justify--space-between"
        >
          <div
            className="LocalLabbooks__owner flex flex--row"
          >
            <div>
              Owner
            </div>
            <div
              className="LocalLabbooks__owner-icon"
            />
          </div>
          <div
            className="LocalLabbooks__status"
          >
            <div
              className="LocalLabbooks__export"
              id="Export__localLabbooksadsasdadas"
              onMouseDown={[Function]}
            >
              Export
            </div>
          </div>
        </div>
      </div>
    </div>
  </div>
</div>
`;
