// Jest Snapshot v1, https://goo.gl/fbAQLP

exports[`Test CreateLabbook rendering 1`] = `
<div
  className="CreateLabbook"
>
  <div
    className="hidden"
  >
    <div
      className="BranchModal--close"
      onClick={[Function]}
    />
    <div
      className="LoginPrompt"
    >
      <div>
        <p>
          You need an active session to perform this action
        </p>
        <p>
          Do you want login?
        </p>
      </div>
      <div
        className="LoginPrompt__button-container"
      >
        <button
          onClick={[Function]}
        >
          Yes
        </button>
        <button
          onClick={[Function]}
        >
          no
        </button>
      </div>
    </div>
  </div>
  <h4
    className="CreateLabbook__header"
  >
    Create LabBook
  </h4>
  <div
    className="CreateLabbook__modal-inner-container flex flex--column justify--space-between"
  >
    <div>
      <label>
        Title
      </label>
      <input
        className=""
        onChange={[Function]}
        placeholder="Enter a unique, descriptive title"
        type="text"
      />
      <span
        className="hidden"
      >
        Error: Title may only contain lowercase alphanumeric and \`-\`. (e.g. lab-book-title)
      </span>
    </div>
    <div>
      <label>
        Description
      </label>
      <textarea
        className="CreateLabbook__description-input"
        maxLength="260"
        onChange={[Function]}
        placeholder="Briefly describe this LabBook, its purpose and any other key details. "
        type="text"
      />
      <p
        className="CreateLabbook__warning hidden"
      >
        0 characters remaining
      </p>
    </div>
  </div>
</div>
`;
