// Jest Snapshot v1, https://goo.gl/fbAQLP

exports[`Test SuccessMessage rendering 1`] = `
<div
  className="SuccessMessage flex flex--column justify--space-around"
>
  <p
    className="SuccessMessage__message"
  >
    Success!
  </p>
  <p
    className="SuccessMessage__message"
  >
    You have create a new Lab Book. You can always edit and update your Lab Book on its detail page.
  </p>
</div>
`;
